../lvgl/src/hal/../draw/../misc/lv_color.h:374:24:lv_color_to32	24	static
../lvgl/src/hal/../draw/../misc/lv_color.h:438:48:lv_color_mix	32	static
../lvgl/src/hal/../draw/../misc/lv_color.h:530:42:lv_color_mix_with_alpha	24	static
../lvgl/src/hal/../draw/../misc/lv_color.h:586:23:lv_color_brightness	24	static
../lvgl/src/hal/../draw/../misc/lv_color.h:594:26:lv_color_make	16	static
../lvgl/src/hal/../draw/../misc/lv_color.h:599:26:lv_color_hex	24	static
../lvgl/src/hal/../draw/../misc/lv_color.h:695:26:lv_color_white	8	static
../lvgl/src/hal/../core/lv_obj_style.h:92:20:lv_obj_remove_style_all	16	static
../lvgl/src/hal/lv_hal_disp.c:85:6:lv_disp_drv_init	24	static
../lvgl/src/hal/lv_hal_disp.c:155:6:lv_disp_draw_buf_init	24	static
../lvgl/src/hal/lv_hal_disp.c:171:13:lv_disp_drv_register	48	static
../lvgl/src/hal/lv_hal_disp.c:255:6:lv_disp_drv_update	32	static
../lvgl/src/hal/lv_hal_disp.c:296:6:lv_disp_remove	24	static
../lvgl/src/hal/lv_hal_disp.c:337:6:lv_disp_set_default	16	static
../lvgl/src/hal/lv_hal_disp.c:346:13:lv_disp_get_default	4	static
../lvgl/src/hal/lv_hal_disp.c:356:12:lv_disp_get_hor_res	16	static
../lvgl/src/hal/lv_hal_disp.c:379:12:lv_disp_get_ver_res	16	static
../lvgl/src/hal/lv_hal_disp.c:402:12:lv_disp_get_physical_hor_res	16	static
../lvgl/src/hal/lv_hal_disp.c:425:12:lv_disp_get_physical_ver_res	16	static
../lvgl/src/hal/lv_hal_disp.c:448:12:lv_disp_get_offset_x	16	static
../lvgl/src/hal/lv_hal_disp.c:474:12:lv_disp_get_offset_y	16	static
../lvgl/src/hal/lv_hal_disp.c:500:6:lv_disp_get_antialiasing	16	static
../lvgl/src/hal/lv_hal_disp.c:513:12:lv_disp_get_dpi	16	static
../lvgl/src/hal/lv_hal_disp.c:524:31:lv_disp_flush_ready	16	static
../lvgl/src/hal/lv_hal_disp.c:536:31:lv_disp_flush_is_last	16	static
../lvgl/src/hal/lv_hal_disp.c:546:13:lv_disp_get_next	16	static
../lvgl/src/hal/lv_hal_disp.c:559:22:lv_disp_get_draw_buf	16	static
../lvgl/src/hal/lv_hal_disp.c:569:6:lv_disp_set_rotation	16	static
../lvgl/src/hal/lv_hal_disp.c:583:15:lv_disp_get_rotation	16	static
../lvgl/src/hal/lv_hal_disp.c:590:6:lv_disp_drv_use_generic_set_px_cb	16	static
../lvgl/src/hal/lv_hal_disp.c:617:31:invalidate_layout_cb	16	static
../lvgl/src/hal/lv_hal_disp.c:624:13:set_px_cb_alpha1	48	static
../lvgl/src/hal/lv_hal_disp.c:638:13:set_px_cb_alpha2	48	static
../lvgl/src/hal/lv_hal_disp.c:652:13:set_px_cb_alpha4	48	static
../lvgl/src/hal/lv_hal_disp.c:666:13:set_px_cb_alpha8	48	static
../lvgl/src/hal/lv_hal_disp.c:680:13:set_px_alpha_generic	32	static
../lvgl/src/hal/lv_hal_disp.c:694:13:set_px_true_color_alpha	48	static
