../lvgl/src/draw/sw/../../misc/lv_color.h:374:24:lv_color_to32	24	static
../lvgl/src/draw/sw/lv_draw_sw_gradient.c:60:17:compute_key	32	static
../lvgl/src/draw/sw/lv_draw_sw_gradient.c:77:15:get_cache_item_size	24	static
../lvgl/src/draw/sw/lv_draw_sw_gradient.c:89:20:next_in_cache	24	static
../lvgl/src/draw/sw/lv_draw_sw_gradient.c:102:17:iterate_cache	32	static
../lvgl/src/draw/sw/lv_draw_sw_gradient.c:115:17:find_oldest_item_life	24	static
../lvgl/src/draw/sw/lv_draw_sw_gradient.c:122:13:free_item	32	static
../lvgl/src/draw/sw/lv_draw_sw_gradient.c:145:17:kill_oldest_item	24	static
../lvgl/src/draw/sw/lv_draw_sw_gradient.c:156:17:find_item	24	static
../lvgl/src/draw/sw/lv_draw_sw_gradient.c:163:20:allocate_item	40	static
../lvgl/src/draw/sw/lv_draw_sw_gradient.c:239:6:lv_gradient_free_cache	8	static
../lvgl/src/draw/sw/lv_draw_sw_gradient.c:246:6:lv_gradient_set_cache_size	16	static
../lvgl/src/draw/sw/lv_draw_sw_gradient.c:255:13:lv_gradient_get	40	static
../lvgl/src/draw/sw/lv_draw_sw_gradient.c:300:39:lv_gradient_calculate	56	static
../lvgl/src/draw/sw/lv_draw_sw_gradient.c:345:6:lv_gradient_cleanup	16	static
