../bsp_lcd/ili9488.c:175:6:ili9488_Init	8	static
../bsp_lcd/ili9488.c:241:6:ili9488_DisplayOn	8	static
../bsp_lcd/ili9488.c:254:6:ili9488_DisplayOff	8	static
../bsp_lcd/ili9488.c:267:10:ili9488_GetLcdPixelWidth	4	static
../bsp_lcd/ili9488.c:277:10:ili9488_GetLcdPixelHeight	4	static
../bsp_lcd/ili9488.c:287:10:ili9488_ReadID	16	static
../bsp_lcd/ili9488.c:317:6:ili9488_SetCursor	16	static
../bsp_lcd/ili9488.c:325:13:ili9488_write16to24	16	static
../bsp_lcd/ili9488.c:340:6:ili9488_WritePixel	16	static
../bsp_lcd/ili9488.c:358:10:ili9488_ReadPixel	24	static
../bsp_lcd/ili9488.c:380:6:ili9488_SetDisplayWindow	24	static
../bsp_lcd/ili9488.c:421:6:ili9488_DrawHLine	32	static
../bsp_lcd/ili9488.c:435:6:ili9488_DrawVLine	32	static
../bsp_lcd/ili9488.c:450:6:ili9488_FillRect	32	static
../bsp_lcd/ili9488.c:474:6:ili9488_DrawBitmap	24	static
../bsp_lcd/ili9488.c:521:6:ili9488_DrawRGBImage	32	static
../bsp_lcd/ili9488.c:552:6:ili9488_ReadRGBImage	32	static
../bsp_lcd/ili9488.c:574:6:ili9488_Scroll	16	static
../bsp_lcd/ili9488.c:664:6:ili9488_ts_Init	8	static
../bsp_lcd/ili9488.c:671:9:ili9488_ts_DetectTouch	32	static
../bsp_lcd/ili9488.c:718:6:ili9488_ts_GetXY	16	static
