../bsp_lcd/ili9488.c:187:6:ili9488_Init	8	static
../bsp_lcd/ili9488.c:254:6:ili9488_DisplayOn	8	static
../bsp_lcd/ili9488.c:267:6:ili9488_DisplayOff	8	static
../bsp_lcd/ili9488.c:280:10:ili9488_GetLcdPixelWidth	4	static
../bsp_lcd/ili9488.c:290:10:ili9488_GetLcdPixelHeight	4	static
../bsp_lcd/ili9488.c:300:10:ili9488_ReadID	16	static
../bsp_lcd/ili9488.c:330:6:ili9488_SetCursor	16	static
../bsp_lcd/ili9488.c:338:13:ili9488_write16to24	16	static
../bsp_lcd/ili9488.c:353:6:ili9488_WritePixel	16	static
../bsp_lcd/ili9488.c:371:10:ili9488_ReadPixel	24	static
../bsp_lcd/ili9488.c:393:6:ili9488_SetDisplayWindow	24	static
../bsp_lcd/ili9488.c:434:6:ili9488_DrawHLine	32	static
../bsp_lcd/ili9488.c:448:6:ili9488_DrawVLine	32	static
../bsp_lcd/ili9488.c:463:6:ili9488_FillRect	32	static
../bsp_lcd/ili9488.c:487:6:ili9488_DrawBitmap	24	static
../bsp_lcd/ili9488.c:534:6:ili9488_DrawRGBImage	40	static
../bsp_lcd/ili9488.c:580:6:ili9488_ReadRGBImage	32	static
../bsp_lcd/ili9488.c:602:6:ili9488_Scroll	16	static
../bsp_lcd/ili9488.c:692:6:ili9488_ts_Init	8	static
../bsp_lcd/ili9488.c:699:9:ili9488_ts_DetectTouch	32	static
../bsp_lcd/ili9488.c:745:6:ili9488_ts_GetXY	16	static
