../Drivers/CMSIS/Include/core_cm4.h:1684:22:__NVIC_EnableIRQ	16	static,ignoring_inline_asm
../Drivers/CMSIS/Include/core_cm4.h:1814:22:__NVIC_SetPriority	16	static
../bsp_lcd/lcd_io_spi.c:657:58:LcdDirRead	16	static
../bsp_lcd/lcd_io_spi.c:659:53:LcdDirWrite	16	static
../bsp_lcd/lcd_io_spi.c:663:57:LcdWrite8	16	static
../bsp_lcd/lcd_io_spi.c:666:56:LcdRead8	16	static
../bsp_lcd/lcd_io_spi.c:669:62:LcdCmdWrite8	16	static
../bsp_lcd/lcd_io_spi.c:672:60:LcdWrite16	16	static
../bsp_lcd/lcd_io_spi.c:675:59:LcdRead16	16	static
../bsp_lcd/lcd_io_spi.c:678:65:LcdCmdWrite16	16	static
../bsp_lcd/lcd_io_spi.c:697:55:WaitForDmaEnd	4	static
../bsp_lcd/lcd_io_spi.c:768:8:DMA2_Stream3_IRQHandler	8	static
../bsp_lcd/lcd_io_spi.c:783:8:LCD_IO_WriteMultiData	24	static
../bsp_lcd/lcd_io_spi.c:788:8:LCD_IO_WriteMultiData8	32	static
../bsp_lcd/lcd_io_spi.c:810:8:LCD_IO_WriteMultiData16	32	static
../bsp_lcd/lcd_io_spi.c:899:8:DMA2_Stream2_IRQHandler	16	static
../bsp_lcd/lcd_io_spi.c:918:8:LCD_IO_ReadMultiData	24	static
../bsp_lcd/lcd_io_spi.c:927:8:LCD_IO_ReadMultiData8	24	static
../bsp_lcd/lcd_io_spi.c:934:8:LCD_IO_ReadMultiData16	24	static
../bsp_lcd/lcd_io_spi.c:941:8:LCD_IO_ReadMultiData16to24	32	static,ignoring_inline_asm
../bsp_lcd/lcd_io_spi.c:1019:6:LCD_IO_Delay	16	static
../bsp_lcd/lcd_io_spi.c:1032:6:LCD_Delay	16	static
../bsp_lcd/lcd_io_spi.c:1037:6:LCD_IO_Bl_OnOff	16	static
../bsp_lcd/lcd_io_spi.c:1047:6:LCD_IO_Init	8	static
../bsp_lcd/lcd_io_spi.c:1187:6:LCD_IO_WriteCmd8	16	static
../bsp_lcd/lcd_io_spi.c:1196:6:LCD_IO_WriteCmd16	16	static
../bsp_lcd/lcd_io_spi.c:1205:6:LCD_IO_WriteData8	16	static
../bsp_lcd/lcd_io_spi.c:1214:6:LCD_IO_WriteData16	16	static
../bsp_lcd/lcd_io_spi.c:1223:6:LCD_IO_WriteCmd8DataFill16	16	static
../bsp_lcd/lcd_io_spi.c:1233:6:LCD_IO_WriteCmd8MultipleData8	24	static
../bsp_lcd/lcd_io_spi.c:1242:6:LCD_IO_WriteCmd8MultipleData16	24	static
../bsp_lcd/lcd_io_spi.c:1252:6:LCD_IO_WriteCmd16DataFill16	16	static
../bsp_lcd/lcd_io_spi.c:1261:6:LCD_IO_WriteCmd16MultipleData8	24	static
../bsp_lcd/lcd_io_spi.c:1271:6:LCD_IO_WriteCmd16MultipleData16	24	static
../bsp_lcd/lcd_io_spi.c:1290:6:LCD_IO_ReadCmd8MultipleData8	24	static
../bsp_lcd/lcd_io_spi.c:1303:6:LCD_IO_ReadCmd8MultipleData16	24	static
../bsp_lcd/lcd_io_spi.c:1317:6:LCD_IO_ReadCmd8MultipleData24to16	24	static
../bsp_lcd/lcd_io_spi.c:1330:6:LCD_IO_ReadCmd16MultipleData8	24	static
../bsp_lcd/lcd_io_spi.c:1344:6:LCD_IO_ReadCmd16MultipleData16	24	static
../bsp_lcd/lcd_io_spi.c:1357:6:LCD_IO_ReadCmd16MultipleData24to16	24	static
